ѕіїјљР 	
лмлнРР !"#$%&'()лмлн*+,-./лнлм0123456789:;<=>?лмРњћќ§ўџ